[backblue.gif]
[fade.gif]
[index.html]
[appsperia.keydesign-themes.com/demo15/images/favicon.ico]
[appsperia.keydesign-themes.com/demo15/css/style.css]
[appsperia.keydesign-themes.com/demo15/fonts/flaticon.css]
[appsperia.keydesign-themes.com/demo15/css/responsive.css]
[ajax.googleapis.com/ajax/libs/jquery/1.11.1/jquery.min.js]
[appsperia.keydesign-themes.com/demo15/images/logo.png]
[appsperia.keydesign-themes.com/demo15/images/menu-logo.png]
[appsperia.keydesign-themes.com/demo15/images/1.jpg]
[appsperia.keydesign-themes.com/demo15/images/2.jpg]
[appsperia.keydesign-themes.com/demo15/images/3.jpg]
[appsperia.keydesign-themes.com/demo15/images/4.jpg]
[appsperia.keydesign-themes.com/demo15/images/5.jpg]
[appsperia.keydesign-themes.com/demo15/images/8.jpg]
[appsperia.keydesign-themes.com/demo15/images/screen1.jpg]
[appsperia.keydesign-themes.com/demo15/images/screen2.jpg]
[appsperia.keydesign-themes.com/demo15/images/screen3.jpg]
[appsperia.keydesign-themes.com/demo15/js/jquery.easings.min.js]
[appsperia.keydesign-themes.com/demo15/js/cbpFWTabs.js]
[appsperia.keydesign-themes.com/demo15/js/jquery.sidr.min.js]
[appsperia.keydesign-themes.com/demo15/js/scripts.js]
[appsperia.keydesign-themes.com/demo15/js/jquery.fullPage.js]
[www.google-analytics.com/analytics.js]
[appsperia.keydesign-themes.com/demo15/index.html]
[appsperia.keydesign-themes.com/demo15/images/bg.jpg]
[appsperia.keydesign-themes.com/demo15/fonts/Walkway_SemiBold-webfont.woff]
[appsperia.keydesign-themes.com/demo15/fonts/Walkway_SemiBold-webfont.ttf]
[appsperia.keydesign-themes.com/demo15/fonts/Walkway_SemiBold-webfont.eot]
[appsperia.keydesign-themes.com/demo15/fonts/Walkway_SemiBold-webfontd41d.eot]
[appsperia.keydesign-themes.com/demo15/fonts/Walkway_UltraBold-webfont.eot]
[appsperia.keydesign-themes.com/demo15/fonts/Walkway_UltraBold-webfont.woff]
[appsperia.keydesign-themes.com/demo15/fonts/Walkway_UltraBold-webfont.ttf]
[appsperia.keydesign-themes.com/demo15/fonts/Walkway_UltraBold-webfontd41d.eot]
[appsperia.keydesign-themes.com/demo15/images/hand-mockup.png]
[appsperia.keydesign-themes.com/demo15/images/bg_direction_nav.png]
[appsperia.keydesign-themes.com/demo15/images/appstore.png]
[appsperia.keydesign-themes.com/demo15/images/appstore2.png]
[appsperia.keydesign-themes.com/demo15/images/playstore.png]
[appsperia.keydesign-themes.com/demo15/images/playstore2.png]
[appsperia.keydesign-themes.com/demo15/css/style.css]
[appsperia.keydesign-themes.com/demo15/fonts/flaticon.woff]
[appsperia.keydesign-themes.com/demo15/fonts/flaticon.ttf]
[appsperia.keydesign-themes.com/demo15/fonts/flaticon.eot]
[appsperia.keydesign-themes.com/demo15/fonts/flaticon.css]
[appsperia.keydesign-themes.com/demo15/css/responsive.css]
[appsperia.keydesign-themes.com/demo15/fonts/Walkway_SemiBold-webfont.svg]
[appsperia.keydesign-themes.com/demo15/fonts/Walkway_UltraBold-webfont.svg]
[appsperia.keydesign-themes.com/demo15/fonts/flaticon.svg]
